[2026-08-13T11:45:58.683968+00:00] SUCCESS | Guild="Yap" | Channel="#remote-controlled-bob" | User="redstone137" (1492932060782919760) | Command="reboot" | Action="Remote reboot triggered"
[2026-08-13T14:11:10.701567+00:00] SUCCESS | Guild="Froggo SMP" | Channel="#📘info-and-ip📘" | User="fiaguhop137" (1342173566828810271) | Command="~server start" | Action="Minecraft server started successfully. PID: `241045`"
[2026-08-13T14:14:26.229662+00:00] SUCCESS | Guild="Froggo SMP" | Channel="#bots" | User="dragondog558" (789314712990384168) | Command="~server start" | Action="Minecraft server started successfully. PID: `241965`"
[2026-08-13T15:49:44.935463+00:00] SUCCESS | Guild="Yap" | Channel="#remote-controlled-bob" | User="dragondog558" (789314712990384168) | Command="set" | Action="Remote target update -> Server: all, Channel: #general"
[2026-08-13T15:49:44.935535+00:00] SUCCESS | Guild="Yap" | Channel="#remote-controlled-bob" | User="dragondog558" (789314712990384168) | Command="set" | Action="Remote target update -> Server: all, Channel: #general"
[2026-08-13T15:49:51.946437+00:00] SUCCESS | Guild="Yap" | Channel="#remote-controlled-bob" | User="dragondog558" (789314712990384168) | Command="set" | Action="Remote target update -> Server: Froggo SMP, Channel: #general"
[2026-08-13T15:49:52.060887+00:00] SUCCESS | Guild="Yap" | Channel="#remote-controlled-bob" | User="dragondog558" (789314712990384168) | Command="set" | Action="Remote target update -> Server: Froggo SMP, Channel: #general"
[2026-08-13T19:00:36.315052+00:00] SUCCESS | Guild="Yap" | Channel="#remote-controlled-bob" | User="redstone137" (1492932060782919760) | Command="reboot" | Action="Remote reboot triggered"
[2026-08-13T19:00:36.314995+00:00] SUCCESS | Guild="Yap" | Channel="#remote-controlled-bob" | User="redstone137" (1492932060782919760) | Command="reboot" | Action="Remote reboot triggered"
[2026-08-13T19:16:56.471072+00:00] SUCCESS | Guild="Yap" | Channel="#remote-controlled-bob" | User="redstone137" (1492932060782919760) | Command="!echo test" | Action="Discord echo"
[2026-08-13T19:16:56.482821+00:00] SUCCESS | Guild="Yap" | Channel="#remote-controlled-bob" | User="redstone137" (1492932060782919760) | Command="!echo test" | Action="Discord echo"
[2026-08-13T19:16:56.496260+00:00] SUCCESS | Guild="Yap" | Channel="#remote-controlled-bob" | User="redstone137" (1492932060782919760) | Command="!echo test" | Action="Discord echo"
[2026-08-13T19:16:56.512682+00:00] SUCCESS | Guild="Yap" | Channel="#remote-controlled-bob" | User="redstone137" (1492932060782919760) | Command="!echo test" | Action="Discord echo"
[2026-08-13T19:17:13.320528+00:00] SUCCESS | Guild="Yap" | Channel="#remote-controlled-bob" | User="redstone137" (1492932060782919760) | Command="!reboot" | Action="Bot restart triggered"
[2026-08-13T19:17:13.330385+00:00] SUCCESS | Guild="Yap" | Channel="#remote-controlled-bob" | User="redstone137" (1492932060782919760) | Command="!reboot" | Action="Bot restart triggered"
[2026-08-13T19:17:13.351998+00:00] SUCCESS | Guild="Yap" | Channel="#remote-controlled-bob" | User="redstone137" (1492932060782919760) | Command="!reboot" | Action="Bot restart triggered"
[2026-08-13T19:17:13.472415+00:00] SUCCESS | Guild="Yap" | Channel="#remote-controlled-bob" | User="redstone137" (1492932060782919760) | Command="!reboot" | Action="Bot restart triggered"
[2026-08-13T19:18:00.020616+00:00] SUCCESS | Guild="Yap" | Channel="#remote-controlled-bob" | User="redstone137" (1492932060782919760) | Command="~reboot" | Action="Bot restart requested"
[2026-08-13T19:18:00.026750+00:00] SUCCESS | Guild="Yap" | Channel="#remote-controlled-bob" | User="redstone137" (1492932060782919760) | Command="~reboot" | Action="Bot restart requested"
[2026-08-13T19:18:00.030201+00:00] SUCCESS | Guild="Yap" | Channel="#remote-controlled-bob" | User="redstone137" (1492932060782919760) | Command="!reboot" | Action="Bot restart triggered"
[2026-08-13T19:18:00.032466+00:00] SUCCESS | Guild="Yap" | Channel="#remote-controlled-bob" | User="redstone137" (1492932060782919760) | Command="~reboot" | Action="Bot restart requested"
[2026-08-13T21:47:54.239364+00:00] SUCCESS | Guild="Yap" | Channel="#remote-controlled-bob" | User="redstone137" (1492932060782919760) | Command="~reboot" | Action="Bot restart requested"
[2026-08-14T19:03:19.231191+00:00] SUCCESS | Guild="Froggo SMP" | Channel="#bots" | User="dragondog558" (789314712990384168) | Command="~reboot" | Action="Bot restart requested"
[2026-08-14T19:03:19.263237+00:00] SUCCESS | Guild="Froggo SMP" | Channel="#bots" | User="dragondog558" (789314712990384168) | Command="~reboot" | Action="Bot restart requested"
[2026-08-14T19:51:51.768516+00:00] SUCCESS | Guild="Froggo SMP" | Channel="#bots" | User="fiaguhop137" (1342173566828810271) | Command="~echo hello" | Action="Discord echo"
[2026-08-14T19:51:56.308637+00:00] ERROR | Guild="Froggo SMP" | Channel="#bots" | User="fiaguhop137" (1342173566828810271) | Command="~mc list" | Action="signal only works in main thread of the main interpreter"
[2026-08-14T19:56:37.340724+00:00] SUCCESS | Guild="Froggo SMP" | Channel="#bots" | User="fiaguhop137" (1342173566828810271) | Command="~mcstart" | Action="Minecraft server started with PID 667575"
[2026-08-14T19:57:50.931275+00:00] SUCCESS | Guild="Froggo SMP" | Channel="#bots" | User="fiaguhop137" (1342173566828810271) | Command="~mcstart" | Action="Minecraft server started with PID 668093"
[2026-08-14T20:36:34.628747+00:00] SUCCESS | Guild="Froggo SMP" | Channel="#bots" | User="fiaguhop137" (1342173566828810271) | Command="~mcsay hewo" | Action="Message sent."
[2026-08-14T20:37:04.926769+00:00] SUCCESS | Guild="Froggo SMP" | Channel="#bots" | User="fiaguhop137" (1342173566828810271) | Command="~mc give fiaguhop137 rabbit_hide 4" | Action="Gave 4 [Rabbit Hide] to Fiaguhop137"
[2026-08-14T20:37:35.523698+00:00] SUCCESS | Guild="Froggo SMP" | Channel="#bots" | User="fiaguhop137" (1342173566828810271) | Command="~mc clear fiaguhop137 rabbit_hide" | Action="Removed 4 item(s) from player Fiaguhop137"
[2026-08-14T20:37:47.638550+00:00] SUCCESS | Guild="Froggo SMP" | Channel="#bots" | User="fiaguhop137" (1342173566828810271) | Command="~mcstop" | Action="Stopping the server"
[2026-08-14T20:41:09.954175+00:00] SUCCESS | Guild="Froggo SMP" | Channel="#bots" | User="fiaguhop137" (1342173566828810271) | Command="~mcstart" | Action="Minecraft server started with PID 678191"
[2026-08-14T20:49:04.068845+00:00] SUCCESS | Guild="Froggo SMP" | Channel="#bots" | User="fiaguhop137" (1342173566828810271) | Command="~mcstop" | Action="Stopping the server"
[2026-08-14T21:13:14.592405+00:00] SUCCESS | Guild="Froggo SMP" | Channel="#bots" | User="fiaguhop137" (1342173566828810271) | Command="~reboot" | Action="Bot restart requested"
[2026-08-14T21:14:54.872120+00:00] SUCCESS | Guild="Froggo SMP" | Channel="#bots" | User="fiaguhop137" (1342173566828810271) | Command="~reboot" | Action="Bot restart requested"
[2026-08-14T21:48:46.430230+00:00] SUCCESS | Guild="Froggo SMP" | Channel="#bots" | User="fiaguhop137" (1342173566828810271) | Command="~reboot" | Action="Bot restart requested"
[2026-08-14T22:02:25.445810+00:00] ERROR | Guild="Froggo SMP" | Channel="#bots" | User="dragondog558" (789314712990384168) | Command="~mc start" | Action="[Errno 111] Connection refused"
[2026-08-14T22:02:33.261452+00:00] SUCCESS | Guild="Froggo SMP" | Channel="#bots" | User="dragondog558" (789314712990384168) | Command="~mcstart" | Action="Minecraft server started with PID 27787"
[2026-08-14T22:36:11.412960+00:00] SUCCESS | Guild="Froggo SMP" | Channel="#bots" | User="fiaguhop137" (1342173566828810271) | Command="~reboot" | Action="Bot restart requested"
[2026-08-14T22:36:17.379670+00:00] SUCCESS | Guild="Yap" | Channel="#emberbot137-remote-console" | User="fiaguhop137" (1342173566828810271) | Command="~reboot" | Action="Bot restart requested"
[2026-08-14T23:58:40.584069+00:00] SUCCESS | Guild="Froggo SMP" | Channel="#📏rules📏" | User="fiaguhop137" (1342173566828810271) | Command="~mcstop" | Action="Stopping the server"
[2026-08-14T23:58:52.710409+00:00] SUCCESS | Guild="Froggo SMP" | Channel="#📏rules📏" | User="fiaguhop137" (1342173566828810271) | Command="~mcstart" | Action="Minecraft server started with PID 56204"
[2026-08-15T00:25:44.577459+00:00] SUCCESS | Guild="Yap" | Channel="#emberbot137-remote-console" | User="fiaguhop137" (1342173566828810271) | Command="~mcstop" | Action="Stopping the server"
[2026-08-15T00:26:07.567955+00:00] SUCCESS | Guild="Froggo SMP" | Channel="#bots" | User="dragondog558" (789314712990384168) | Command="~mcstart" | Action="Minecraft server started with PID 62767"
[2026-08-15T00:52:27.285882+00:00] SUCCESS | Guild="Froggo SMP" | Channel="#bots" | User="fiaguhop137" (1342173566828810271) | Command="~mc op fiaguhop137" | Action="Made Fiaguhop137 a server operator"
[2026-08-15T00:53:29.560908+00:00] SUCCESS | Guild="Froggo SMP" | Channel="#bots" | User="pludunn" (1512533966001930254) | Command="~echo hi" | Action="Discord echo"
[2026-08-15T00:53:36.713803+00:00] SUCCESS | Guild="Froggo SMP" | Channel="#bots" | User="pludunn" (1512533966001930254) | Command="~echo @everyone" | Action="Discord echo"
[2026-08-15T00:58:31.579842+00:00] SUCCESS | Guild="Froggo SMP" | Channel="#bots" | User="fiaguhop137" (1342173566828810271) | Command="~mc gamemode creative fiaguhop137" | Action="Set Fiaguhop137's game mode to Creative Mode"
[2026-08-15T00:59:26.429540+00:00] SUCCESS | Guild="Froggo SMP" | Channel="#bots" | User="fiaguhop137" (1342173566828810271) | Command="~mc gamemode creative fiaguhop137" | Action="Set Fiaguhop137's game mode to Creative Mode"
[2026-08-15T00:59:30.945739+00:00] SUCCESS | Guild="Froggo SMP" | Channel="#bots" | User="fiaguhop137" (1342173566828810271) | Command="~mc gamemode creative fiaguhop137" | Action="Set Fiaguhop137's game mode to Creative Mode"
[2026-08-15T01:00:18.236607+00:00] SUCCESS | Guild="Froggo SMP" | Channel="#bots" | User="fiaguhop137" (1342173566828810271) | Command="~mc /give fiaguhop137 crossbow[custom_name=[{"text":"Mortifer Eminus","italic":false}],enchantments={flame:1,infinity:1,piercing:255,power:255,quick_charge:255},unbreakable={},item_model="meowpack:mortifer_eminus"]" | Action="Malformed 'minecraft:custom_name' component: 'Not a string'...stom_name=[{"text":"Mortifer Eminus","italic":false}],enchantments={flame:1,infinity:1,piercing:255,power:255,quick_charge:255},unbreakable={},item_model="meowpack:mortifer_eminus"]<--[HERE]"
[2026-08-15T01:01:58.584467+00:00] SUCCESS | Guild="Froggo SMP" | Channel="#bots" | User="fiaguhop137" (1342173566828810271) | Command="~mc give fiaguhop137 piston 3" | Action="Gave 3 [Piston] to Fiaguhop137"
[2026-08-15T01:02:12.656551+00:00] SUCCESS | Guild="Froggo SMP" | Channel="#bots" | User="fiaguhop137" (1342173566828810271) | Command="~mc give fiaguhop137 piston 3" | Action="Gave 3 [Piston] to Fiaguhop137"
[2026-08-15T01:02:16.451708+00:00] SUCCESS | Guild="Froggo SMP" | Channel="#bots" | User="fiaguhop137" (1342173566828810271) | Command="~mc give fiaguhop137 piston 3" | Action="Gave 3 [Piston] to Fiaguhop137"
[2026-08-15T01:02:44.763212+00:00] SUCCESS | Guild="Froggo SMP" | Channel="#bots" | User="fiaguhop137" (1342173566828810271) | Command="~mc give fiaguhop137 piston 3" | Action="Gave 3 [Piston] to Fiaguhop137"
[2026-08-15T01:03:31.770942+00:00] SUCCESS | Guild="Froggo SMP" | Channel="#bots" | User="fiaguhop137" (1342173566828810271) | Command="~mc give fiaguhop137 oak_log 3" | Action="Gave 3 [Oak Log] to Fiaguhop137"
[2026-08-15T01:03:45.854605+00:00] SUCCESS | Guild="Froggo SMP" | Channel="#bots" | User="fiaguhop137" (1342173566828810271) | Command="~mc give fiaguhop137 piston 3" | Action="Gave 3 [Piston] to Fiaguhop137"
[2026-08-15T01:04:09.992513+00:00] SUCCESS | Guild="Froggo SMP" | Channel="#bots" | User="fiaguhop137" (1342173566828810271) | Command="~mc give fiaguhop137 piston 3" | Action="Gave 3 [Piston] to Fiaguhop137"
[2026-08-15T01:05:51.501403+00:00] SUCCESS | Guild="Froggo SMP" | Channel="#bots" | User="fiaguhop137" (1342173566828810271) | Command="~mc kick dragondog558" | Action="Kicked DragonDog558: Kicked by an operator"
[2026-08-15T01:07:19.780236+00:00] SUCCESS | Guild="Froggo SMP" | Channel="#bots" | User="fiaguhop137" (1342173566828810271) | Command="~mcstop" | Action="Stopping the server"
[2026-08-15T01:08:08.282304+00:00] SUCCESS | Guild="Froggo SMP" | Channel="#bots" | User="fiaguhop137" (1342173566828810271) | Command="~reboot" | Action="Bot restart requested"
[2026-08-15T01:12:21.067854+00:00] SUCCESS | Guild="Froggo SMP" | Channel="#bots" | User="dragondog558" (789314712990384168) | Command="~mcstart" | Action="Minecraft server started with PID 74956"
[2026-08-15T01:13:40.023246+00:00] SUCCESS | Guild="Froggo SMP" | Channel="#general" | User="fiaguhop137" (1342173566828810271) | Command="~reboot" | Action="Bot restart requested"
[2026-08-15T01:18:57.372392+00:00] SUCCESS | Guild="Froggo SMP" | Channel="#general" | User="fiaguhop137" (1342173566828810271) | Command="~reboot" | Action="Bot restart requested"
[2026-08-15T01:18:57.652747+00:00] SUCCESS | Guild="Froggo SMP" | Channel="#general" | User="fiaguhop137" (1342173566828810271) | Command="~reboot" | Action="Bot restart requested"
[2026-08-15T01:19:11.025634+00:00] SUCCESS | Guild="Froggo SMP" | Channel="#general" | User="fiaguhop137" (1342173566828810271) | Command="~reboot" | Action="Bot restart requested"
[2026-08-15T02:32:28.950338+00:00] SUCCESS | Guild="Froggo SMP" | Channel="#bots" | User="dragondog558" (789314712990384168) | Command="~mcstop" | Action="Stopping the server"
[2026-08-15T12:53:23.518257+00:00] SUCCESS | Guild="Froggo SMP" | Channel="#bots" | User="dragondog558" (789314712990384168) | Command="~mcstart" | Action="Minecraft server started with PID 232823"
[2026-08-15T12:53:23.569281+00:00] SUCCESS | Guild="Froggo SMP" | Channel="#bots" | User="dragondog558" (789314712990384168) | Command="~mcstart" | Action="Minecraft server started with PID 232822"
[2026-08-15T13:48:28.365878+00:00] SUCCESS | Guild="Yap" | Channel="#emberbot137-remote-console" | User="fiaguhop137" (1342173566828810271) | Command="~mcstop" | Action="Stopping the serverStopping the server"
[2026-08-15T13:48:29.366885+00:00] SUCCESS | Guild="Yap" | Channel="#emberbot137-remote-console" | User="fiaguhop137" (1342173566828810271) | Command="~mcstop" | Action="Stopping the serverStopping the server"
[2026-08-15T13:57:55.356196+00:00] SUCCESS | Guild="Yap" | Channel="#emberbot137-remote-console" | User="fiaguhop137" (1342173566828810271) | Command="~mcstart" | Action="Minecraft server started with PID 247401"
[2026-08-15T13:57:56.585065+00:00] SUCCESS | Guild="Yap" | Channel="#emberbot137-remote-console" | User="fiaguhop137" (1342173566828810271) | Command="~reboot" | Action="Bot restart requested"
[2026-08-15T16:10:07.368298+00:00] SUCCESS | Guild="Yap" | Channel="#emberbot137-remote-console" | User="fiaguhop137" (1342173566828810271) | Command="~mc kick dragondog558" | Action="Kicked DragonDog558: Kicked by an operator"
[2026-08-15T16:10:33.182106+00:00] SUCCESS | Guild="Yap" | Channel="#emberbot137-remote-console" | User="fiaguhop137" (1342173566828810271) | Command="~mc give fiaguhop137 minecraft:wither_spawn_egg 64" | Action="Gave 64 [Wither Spawn Egg] to Fiaguhop137"
[2026-08-15T16:11:17.116404+00:00] SUCCESS | Guild="Yap" | Channel="#emberbot137-remote-console" | User="fiaguhop137" (1342173566828810271) | Command="~mc tp @e[type=item] fiaguhop137" | Action="Teleported 439 entities to Fiaguhop137"
[2026-08-15T16:11:42.572362+00:00] SUCCESS | Guild="Yap" | Channel="#emberbot137-remote-console" | User="fiaguhop137" (1342173566828810271) | Command="~mc tp @e dragondog558" | Action="Teleported 461 entities to DragonDog558"
[2026-08-15T16:12:35.185273+00:00] SUCCESS | Guild="Yap" | Channel="#emberbot137-remote-console" | User="fiaguhop137" (1342173566828810271) | Command="~mc tp @e dragondog558" | Action="Teleported 574 entities to DragonDog558"
[2026-08-15T16:13:14.313221+00:00] SUCCESS | Guild="Yap" | Channel="#emberbot137-remote-console" | User="fiaguhop137" (1342173566828810271) | Command="~mc tp @e dragondog558" | Action="Teleported 368 entities to DragonDog558"
[2026-08-15T16:16:14.544803+00:00] SUCCESS | Guild="Yap" | Channel="#everyone" | User="fiaguhop137" (1342173566828810271) | Command="~mc unban fiaguhop137" | Action="Unknown or incomplete command, see below for errorunban fiaguhop137<--[HERE]"
[2026-08-15T16:16:40.734134+00:00] SUCCESS | Guild="Yap" | Channel="#everyone" | User="fiaguhop137" (1342173566828810271) | Command="~mc pardon fiaguhop137" | Action="Unbanned Fiaguhop137"
[2026-08-15T16:17:44.966843+00:00] SUCCESS | Guild="Yap" | Channel="#everyone" | User="fiaguhop137" (1342173566828810271) | Command="~mc pardon fiaguhop137" | Action="Unbanned Fiaguhop137"
[2026-08-15T16:19:57.210212+00:00] SUCCESS | Guild="Yap" | Channel="#everyone" | User="fiaguhop137" (1342173566828810271) | Command="~mc pardon fiaguhop137" | Action="Unbanned Fiaguhop137"
[2026-08-15T16:21:54.004087+00:00] SUCCESS | Guild="Yap" | Channel="#emberbot137-remote-console" | User="fiaguhop137" (1342173566828810271) | Command="~mc fill 10  130 10 -10 110 -10 air replace repeating_command_block" | Action="Unknown block type 'minecraft:-10'...0 -10 110 -10 air replace repeating_command_block<--[HERE]"
[2026-08-15T16:22:01.418203+00:00] SUCCESS | Guild="Yap" | Channel="#emberbot137-remote-console" | User="fiaguhop137" (1342173566828810271) | Command="~mc fill 10 130 10 -10 110 -10 air replace repeating_command_block" | Action="No blocks were filled"
[2026-08-15T16:22:18.589955+00:00] SUCCESS | Guild="Yap" | Channel="#emberbot137-remote-console" | User="fiaguhop137" (1342173566828810271) | Command="~mc fill 10 130 10 -10 100 -10 air replace repeating_command_block" | Action="No blocks were filled"
[2026-08-15T16:22:36.665381+00:00] SUCCESS | Guild="Yap" | Channel="#emberbot137-remote-console" | User="fiaguhop137" (1342173566828810271) | Command="~mc fill 10 130 10 -40 100 -40 air replace repeating_command_block" | Action="That position is not loaded"
[2026-08-15T16:22:46.302936+00:00] SUCCESS | Guild="Yap" | Channel="#emberbot137-remote-console" | User="fiaguhop137" (1342173566828810271) | Command="~mc fill 40 130 40 -10 110 -10 air replace repeating_command_block" | Action="Too many blocks in the specified area (maximum 32768, specified 54621)"
[2026-08-15T16:22:58.242479+00:00] SUCCESS | Guild="Yap" | Channel="#emberbot137-remote-console" | User="fiaguhop137" (1342173566828810271) | Command="~mc fill 40 130 40 10 110 10 air replace repeating_command_block" | Action="No blocks were filled"
[2026-08-15T16:23:06.926084+00:00] SUCCESS | Guild="Yap" | Channel="#everyone" | User="fiaguhop137" (1342173566828810271) | Command="~mc fill 10 130 10 -10 110 -10 air replace repeating_command_block" | Action="No blocks were filled"
[2026-08-15T16:25:37.740366+00:00] SUCCESS | Guild="Yap" | Channel="#everyone" | User="fiaguhop137" (1342173566828810271) | Command="~mc execute as dragondog558 at @s run fill ~10 ~10 ~10 ~-10 ~-10 ~-10 air replace repeating_command_block" | Action="Command executed successfully."
[2026-08-15T16:25:43.698716+00:00] SUCCESS | Guild="Yap" | Channel="#everyone" | User="fiaguhop137" (1342173566828810271) | Command="~mc execute as dragondog558 at @s run fill ~10 ~10 ~10 ~-10 ~-10 ~-10 air replace repeating_command_block" | Action="Command executed successfully."
[2026-08-15T16:25:45.053398+00:00] SUCCESS | Guild="Yap" | Channel="#everyone" | User="fiaguhop137" (1342173566828810271) | Command="~mc execute as dragondog558 at @s run fill ~10 ~10 ~10 ~-10 ~-10 ~-10 air replace repeating_command_block" | Action="Command executed successfully."
[2026-08-15T16:25:46.245332+00:00] SUCCESS | Guild="Yap" | Channel="#everyone" | User="fiaguhop137" (1342173566828810271) | Command="~mc execute as dragondog558 at @s run fill ~10 ~10 ~10 ~-10 ~-10 ~-10 air replace repeating_command_block" | Action="Command executed successfully."
[2026-08-15T16:25:55.501201+00:00] SUCCESS | Guild="Yap" | Channel="#everyone" | User="fiaguhop137" (1342173566828810271) | Command="~mc tp dragondog558 0 200 0" | Action="Teleported DragonDog558 to 0.500000, 200.000000, 0.500000"
[2026-08-15T16:25:57.137820+00:00] SUCCESS | Guild="Yap" | Channel="#everyone" | User="fiaguhop137" (1342173566828810271) | Command="~mc execute as dragondog558 at @s run fill ~10 ~10 ~10 ~-10 ~-10 ~-10 air replace repeating_command_block" | Action="Command executed successfully."
[2026-08-15T16:25:58.565269+00:00] SUCCESS | Guild="Yap" | Channel="#everyone" | User="fiaguhop137" (1342173566828810271) | Command="~mc execute as dragondog558 at @s run fill ~10 ~10 ~10 ~-10 ~-10 ~-10 air replace repeating_command_block" | Action="Command executed successfully."
[2026-08-15T16:25:59.475344+00:00] SUCCESS | Guild="Yap" | Channel="#everyone" | User="fiaguhop137" (1342173566828810271) | Command="~mc execute as dragondog558 at @s run fill ~10 ~10 ~10 ~-10 ~-10 ~-10 air replace repeating_command_block" | Action="Successfully filled 1 block(s)"
[2026-08-15T16:26:04.615632+00:00] SUCCESS | Guild="Yap" | Channel="#everyone" | User="fiaguhop137" (1342173566828810271) | Command="~mc execute as dragondog558 at @s run fill ~10 ~10 ~10 ~-10 ~-10 ~-10 air replace repeating_command_block" | Action="Command executed successfully."
[2026-08-15T16:26:05.486389+00:00] SUCCESS | Guild="Yap" | Channel="#everyone" | User="fiaguhop137" (1342173566828810271) | Command="~mc execute as dragondog558 at @s run fill ~10 ~10 ~10 ~-10 ~-10 ~-10 air replace repeating_command_block" | Action="Command executed successfully."
[2026-08-15T16:26:05.721026+00:00] SUCCESS | Guild="Yap" | Channel="#everyone" | User="fiaguhop137" (1342173566828810271) | Command="~mc execute as dragondog558 at @s run fill ~10 ~10 ~10 ~-10 ~-10 ~-10 air replace repeating_command_block" | Action="Command executed successfully."
[2026-08-15T16:26:10.777854+00:00] SUCCESS | Guild="Yap" | Channel="#everyone" | User="fiaguhop137" (1342173566828810271) | Command="~mc execute as dragondog558 at @s run fill ~10 ~10 ~10 ~-10 ~-10 ~-10 air replace repeating_command_block" | Action="Command executed successfully."
[2026-08-15T16:26:11.907606+00:00] SUCCESS | Guild="Yap" | Channel="#everyone" | User="fiaguhop137" (1342173566828810271) | Command="~mc execute as dragondog558 at @s run fill ~10 ~10 ~10 ~-10 ~-10 ~-10 air replace repeating_command_block" | Action="Command executed successfully."
[2026-08-15T16:26:12.140341+00:00] SUCCESS | Guild="Yap" | Channel="#everyone" | User="fiaguhop137" (1342173566828810271) | Command="~mc execute as dragondog558 at @s run fill ~10 ~10 ~10 ~-10 ~-10 ~-10 air replace repeating_command_block" | Action="Command executed successfully."
[2026-08-15T16:26:17.154844+00:00] SUCCESS | Guild="Yap" | Channel="#everyone" | User="fiaguhop137" (1342173566828810271) | Command="~mc execute as dragondog558 at @s run fill ~10 ~10 ~10 ~-10 ~-10 ~-10 air replace repeating_command_block" | Action="Command executed successfully."
[2026-08-15T16:26:17.578421+00:00] SUCCESS | Guild="Yap" | Channel="#everyone" | User="fiaguhop137" (1342173566828810271) | Command="~mc execute as dragondog558 at @s run fill ~10 ~10 ~10 ~-10 ~-10 ~-10 air replace repeating_command_block" | Action="Command executed successfully."
[2026-08-15T16:26:17.838430+00:00] SUCCESS | Guild="Yap" | Channel="#everyone" | User="fiaguhop137" (1342173566828810271) | Command="~mc execute as dragondog558 at @s run fill ~10 ~10 ~10 ~-10 ~-10 ~-10 air replace repeating_command_block" | Action="Command executed successfully."
[2026-08-15T16:26:22.564067+00:00] SUCCESS | Guild="Yap" | Channel="#everyone" | User="fiaguhop137" (1342173566828810271) | Command="~mc execute as dragondog558 at @s run fill ~10 ~10 ~10 ~-10 ~-10 ~-10 air replace repeating_command_block" | Action="Command executed successfully."
[2026-08-15T16:26:25.868635+00:00] SUCCESS | Guild="Yap" | Channel="#everyone" | User="fiaguhop137" (1342173566828810271) | Command="~mc pardon fiaguhop137" | Action="Unbanned Fiaguhop137"
[2026-08-15T16:26:42.521559+00:00] SUCCESS | Guild="Yap" | Channel="#everyone" | User="fiaguhop137" (1342173566828810271) | Command="~mc pardon fiaguhop137" | Action="Unbanned Fiaguhop137"
[2026-08-15T16:26:55.319456+00:00] SUCCESS | Guild="Yap" | Channel="#everyone" | User="fiaguhop137" (1342173566828810271) | Command="~mc ban dragondog558" | Action="Banned DragonDog558: Banned by an operator."
[2026-08-15T16:27:02.256386+00:00] SUCCESS | Guild="Yap" | Channel="#everyone" | User="fiaguhop137" (1342173566828810271) | Command="~mc pardon fiaguhop137" | Action="Unbanned Fiaguhop137"
[2026-08-15T16:27:16.190833+00:00] SUCCESS | Guild="Yap" | Channel="#everyone" | User="fiaguhop137" (1342173566828810271) | Command="~mc op fiaguhop137" | Action="Made Fiaguhop137 a server operator"
[2026-08-15T16:27:21.520207+00:00] SUCCESS | Guild="Yap" | Channel="#everyone" | User="dragondog558" (789314712990384168) | Command="~mc pardon dragondog558" | Action="Unbanned DragonDog558"
[2026-08-15T16:27:24.660180+00:00] SUCCESS | Guild="Yap" | Channel="#everyone" | User="dragondog558" (789314712990384168) | Command="~mc ban fiaguhop137" | Action="Banned Fiaguhop137: Banned by an operator."
[2026-08-15T16:27:30.202250+00:00] SUCCESS | Guild="Yap" | Channel="#everyone" | User="fiaguhop137" (1342173566828810271) | Command="~mc pardon fiaguhop137" | Action="Unbanned Fiaguhop137"
[2026-08-15T16:27:40.426618+00:00] SUCCESS | Guild="Yap" | Channel="#everyone" | User="fiaguhop137" (1342173566828810271) | Command="~mc pardon fiaguhop137" | Action="Unbanned Fiaguhop137"
[2026-08-15T16:27:57.105183+00:00] SUCCESS | Guild="Yap" | Channel="#everyone" | User="fiaguhop137" (1342173566828810271) | Command="~mc pardon fiaguhop137
~mc ban dragondog558" | Action="Incorrect argument for command...op137
~mc ban dragondog558<--[HERE]"
[2026-08-15T16:27:59.812159+00:00] SUCCESS | Guild="Yap" | Channel="#everyone" | User="fiaguhop137" (1342173566828810271) | Command="~mc ban dragondog558" | Action="Banned DragonDog558: Banned by an operator."
[2026-08-15T16:28:03.723495+00:00] SUCCESS | Guild="Yap" | Channel="#everyone" | User="fiaguhop137" (1342173566828810271) | Command="~mc pardon fiaguhop137" | Action="Unbanned Fiaguhop137"
[2026-08-15T16:28:08.936302+00:00] SUCCESS | Guild="Yap" | Channel="#everyone" | User="dragondog558" (789314712990384168) | Command="~mc pardon dragondog558" | Action="Unbanned DragonDog558"
[2026-08-15T16:28:11.427781+00:00] SUCCESS | Guild="Yap" | Channel="#everyone" | User="fiaguhop137" (1342173566828810271) | Command="~mc pardon fiaguhop137" | Action="Nothing changed. The player isn't banned"
[2026-08-15T16:28:16.243883+00:00] SUCCESS | Guild="Yap" | Channel="#everyone" | User="fiaguhop137" (1342173566828810271) | Command="~mc ban dragondog558" | Action="Banned DragonDog558: Banned by an operator."
[2026-08-15T16:28:23.521376+00:00] SUCCESS | Guild="Yap" | Channel="#everyone" | User="fiaguhop137" (1342173566828810271) | Command="~mc ban dragondog558" | Action="Nothing changed. The player is already banned"
[2026-08-15T16:28:27.423215+00:00] SUCCESS | Guild="Yap" | Channel="#everyone" | User="fiaguhop137" (1342173566828810271) | Command="~mc pardon fiaguhop137" | Action="Unbanned Fiaguhop137"
[2026-08-15T16:31:54.231512+00:00] SUCCESS | Guild="Yap" | Channel="#everyone" | User="fiaguhop137" (1342173566828810271) | Command="~mc pardon dragondog558" | Action="Unbanned DragonDog558"
[2026-08-15T16:32:10.494109+00:00] SUCCESS | Guild="Yap" | Channel="#everyone" | User="fiaguhop137" (1342173566828810271) | Command="~mc ban fiaguhop137" | Action="Banned Fiaguhop137: Banned by an operator."
[2026-08-15T20:49:59.911679+00:00] SUCCESS | Guild="Froggo SMP" | Channel="#general" | User="pludunn" (1512533966001930254) | Command="~echo hi" | Action="Discord echo"
[2026-08-15T23:03:43.919400+00:00] SUCCESS | Guild="Froggo SMP" | Channel="#bots" | User="dragondog558" (789314712990384168) | Command="~revoke 1342173566828810271" | Action="Revoked permissions from 1342173566828810271"
[2026-08-16T00:39:40.352454+00:00] SUCCESS | Guild="Yap" | Channel="#plasma-dragon-frog" | User="dragondog558" (789314712990384168) | Command="~reboot" | Action="Bot restart requested"
[2026-08-16T00:39:52.998963+00:00] ERROR | Guild="Yap" | Channel="#plasma-dragon-frog" | User="dragondog558" (789314712990384168) | Command="~mcstart" | Action="Minecraft server JAR does not exist:
/home/firebot/Downloads/minecraft_server/fabric-server-mc.1.21.11-loader.0.19.3-launcher.1.1.2"
[2026-08-16T00:41:24.801826+00:00] SUCCESS | Guild="Yap" | Channel="#plasma-dragon-frog" | User="dragondog558" (789314712990384168) | Command="~reboot" | Action="Bot restart requested"
[2026-08-16T00:47:33.674468+00:00] SUCCESS | Guild="Yap" | Channel="#plasma-dragon-frog" | User="dragondog558" (789314712990384168) | Command="~reboot" | Action="Bot restart requested"
[2026-08-16T00:48:01.809616+00:00] SUCCESS | Guild="Yap" | Channel="#everyone" | User="dragondog558" (789314712990384168) | Command="~mcstart" | Action="Minecraft server started with PID 415176"
[2026-08-16T01:02:07.407562+00:00] SUCCESS | Guild="Yap" | Channel="#everyone" | User="dragondog558" (789314712990384168) | Command="~mcstart" | Action="Minecraft server started with PID 420027"
[2026-08-16T01:10:16.073417+00:00] SUCCESS | Guild="Froggo SMP" | Channel="#bots" | User="dragondog558" (789314712990384168) | Command="~mcstart" | Action="Minecraft server started with PID 423709"
[2026-08-16T01:15:46.818703+00:00] SUCCESS | Guild="Froggo SMP" | Channel="#bots" | User="dragondog558" (789314712990384168) | Command="~mcstart" | Action="Minecraft server started with PID 425567"
[2026-08-16T01:32:54.802089+00:00] SUCCESS | Guild="Froggo SMP" | Channel="#bots" | User="dragondog558" (789314712990384168) | Command="~mcstop" | Action="Stopping the server"
[2026-08-16T01:33:02.552410+00:00] SUCCESS | Guild="Froggo SMP" | Channel="#bots" | User="dragondog558" (789314712990384168) | Command="~mcstart" | Action="Minecraft server started with PID 440054"
[2026-08-16T01:38:21.919211+00:00] SUCCESS | Guild="Froggo SMP" | Channel="#bots" | User="dragondog558" (789314712990384168) | Command="~mc whitelist DragonDog558" | Action="Incorrect argument for commandwhitelist DragonDog558<--[HERE]"
[2026-08-16T01:38:39.347208+00:00] SUCCESS | Guild="Froggo SMP" | Channel="#bots" | User="dragondog558" (789314712990384168) | Command="~mc whitelist add DragonDog558" | Action="Added DragonDog558 to the whitelist"
[2026-08-16T01:38:48.582334+00:00] SUCCESS | Guild="Froggo SMP" | Channel="#bots" | User="dragondog558" (789314712990384168) | Command="~mc whitelist add DragonDog558" | Action="Player is already whitelisted"
[2026-08-16T01:39:01.080818+00:00] SUCCESS | Guild="Froggo SMP" | Channel="#bots" | User="dragondog558" (789314712990384168) | Command="~mc whitelist add Lowlaa_Kleins" | Action="Added Lowlaa_Kleins to the whitelist"
[2026-08-16T01:39:10.413123+00:00] SUCCESS | Guild="Froggo SMP" | Channel="#bots" | User="dragondog558" (789314712990384168) | Command="~mc whitelist add Fiaguhop137" | Action="Added Fiaguhop137 to the whitelist"
[2026-08-16T01:39:21.483167+00:00] SUCCESS | Guild="Froggo SMP" | Channel="#bots" | User="dragondog558" (789314712990384168) | Command="~mc whitelist add DrgnFireYellow" | Action="Added DrgnFireYellow to the whitelist"
[2026-08-16T01:44:08.862165+00:00] SUCCESS | Guild="Froggo SMP" | Channel="#bots" | User="dragondog558" (789314712990384168) | Command="~mc time sete day" | Action="Incorrect argument for commandtime sete day<--[HERE]"
[2026-08-16T01:44:18.869182+00:00] SUCCESS | Guild="Froggo SMP" | Channel="#bots" | User="dragondog558" (789314712990384168) | Command="~mc time set day" | Action="Set the time to 1000"
[2026-08-16T01:58:09.189965+00:00] SUCCESS | Guild="Froggo SMP" | Channel="#bots" | User="dragondog558" (789314712990384168) | Command="~mcstart" | Action="Minecraft server started with PID 450238"
[2026-08-16T02:05:50.763215+00:00] SUCCESS | Guild="Froggo SMP" | Channel="#bots" | User="dragondog558" (789314712990384168) | Command="~mcstart" | Action="Minecraft server started with PID 452067"
[2026-08-16T02:13:49.115706+00:00] SUCCESS | Guild="Froggo SMP" | Channel="#bots" | User="dragondog558" (789314712990384168) | Command="~mcstop" | Action="Stopping the server"
[2026-08-16T02:37:14.561973+00:00] SUCCESS | Guild="Froggo SMP" | Channel="#bots" | User="dragondog558" (789314712990384168) | Command="~mcstart" | Action="Minecraft server started with PID 458649"
[2026-08-16T02:37:59.246411+00:00] SUCCESS | Guild="Froggo SMP" | Channel="#bots" | User="dragondog558" (789314712990384168) | Command="~mc gamerule players_sleeping_percentage" | Action="Gamerule players_sleeping_percentage is currently set to: 1"
[2026-08-16T02:38:14.396264+00:00] SUCCESS | Guild="Froggo SMP" | Channel="#bots" | User="dragondog558" (789314712990384168) | Command="~mc gamerule keep_inventory true" | Action="Gamerule keep_inventory is now set to: true"
[2026-08-16T02:38:23.102211+00:00] SUCCESS | Guild="Froggo SMP" | Channel="#bots" | User="dragondog558" (789314712990384168) | Command="~mc gamerule players_sleeping_percentage true" | Action="Expected integer...ercentage true<--[HERE]"
[2026-08-16T02:38:32.748141+00:00] SUCCESS | Guild="Froggo SMP" | Channel="#bots" | User="dragondog558" (789314712990384168) | Command="~mc gamerule players_sleeping_percentage true" | Action="Expected integer...ercentage true<--[HERE]"
[2026-08-16T02:39:12.344546+00:00] SUCCESS | Guild="Froggo SMP" | Channel="#bots" | User="dragondog558" (789314712990384168) | Command="~mc gamerule keep_inventory true" | Action="Gamerule keep_inventory is now set to: true"
[2026-08-16T02:39:29.591146+00:00] SUCCESS | Guild="Froggo SMP" | Channel="#bots" | User="dragondog558" (789314712990384168) | Command="~mcstop" | Action="Stopping the server"
[2026-08-16T15:05:49.755473+00:00] ERROR | Guild="Yap" | Channel="#remote-controlled-bob" | User="dragondog558" (789314712990384168) | Command="~mc op dragondog558" | Action="[Errno 111] Connection refused"
[2026-08-16T15:05:49.975032+00:00] ERROR | Guild="Yap" | Channel="#remote-controlled-bob" | User="dragondog558" (789314712990384168) | Command="~mc op dragondog558" | Action="[Errno 111] Connection refused"
[2026-08-16T15:06:01.859308+00:00] SUCCESS | Guild="Yap" | Channel="#remote-controlled-bob" | User="dragondog558" (789314712990384168) | Command="~mcstart" | Action="Minecraft server started with PID 613107"
[2026-08-16T15:06:01.900521+00:00] SUCCESS | Guild="Yap" | Channel="#remote-controlled-bob" | User="dragondog558" (789314712990384168) | Command="~mcstart" | Action="Minecraft server started with PID 613106"
[2026-08-16T15:06:38.520008+00:00] SUCCESS | Guild="Yap" | Channel="#remote-controlled-bob" | User="dragondog558" (789314712990384168) | Command="~mc op dragondog558" | Action="Made DragonDog558 a server operator"
[2026-08-16T15:06:38.840300+00:00] SUCCESS | Guild="Yap" | Channel="#remote-controlled-bob" | User="dragondog558" (789314712990384168) | Command="~mc op dragondog558" | Action="Nothing changed. The player already is an operator"
[2026-08-16T15:06:54.853623+00:00] SUCCESS | Guild="Yap" | Channel="#remote-controlled-bob" | User="dragondog558" (789314712990384168) | Command="~mcstop" | Action="Minecraft server does not appear to be running."
[2026-08-16T15:06:55.613129+00:00] SUCCESS | Guild="Yap" | Channel="#remote-controlled-bob" | User="dragondog558" (789314712990384168) | Command="~mcstop" | Action="Stopping the server"
[2026-08-16T15:20:01.726188+00:00] SUCCESS | Guild="Froggo SMP" | Channel="#general" | User="fiaguhop137" (1342173566828810271) | Command="~mcstart" | Action="Minecraft server started with PID 617016"
[2026-08-16T15:20:20.096123+00:00] SUCCESS | Guild="Froggo SMP" | Channel="#general" | User="dragondog558" (789314712990384168) | Command="~mcstart" | Action="Minecraft server started with PID 617192"
[2026-08-16T18:37:57.007314+00:00] SUCCESS | Guild="Yap" | Channel="#emberbot137-remote-console" | User="fiaguhop137" (1342173566828810271) | Command="~mcstop" | Action="Stopping the server"
[2026-08-16T18:38:01.769721+00:00] SUCCESS | Guild="Froggo SMP" | Channel="#general" | User="fiaguhop137" (1342173566828810271) | Command="~mcstart" | Action="Minecraft server started with PID 664022"
[2026-08-16T18:54:30.326997+00:00] SUCCESS | Guild="Froggo SMP" | Channel="#bots" | User="dragondog558" (789314712990384168) | Command="~mc deop fiaguhop137" | Action="Made Fiaguhop137 no longer a server operator"
[2026-08-16T18:54:30.560025+00:00] SUCCESS | Guild="Froggo SMP" | Channel="#bots" | User="dragondog558" (789314712990384168) | Command="~mc deop fiaguhop137" | Action="Nothing changed. The player is not an operator"
[2026-08-16T18:54:35.486920+00:00] SUCCESS | Guild="Froggo SMP" | Channel="#bots" | User="dragondog558" (789314712990384168) | Command="~mc op dragondog558" | Action="Made DragonDog558 a server operator"
[2026-08-16T18:54:35.519108+00:00] SUCCESS | Guild="Froggo SMP" | Channel="#bots" | User="dragondog558" (789314712990384168) | Command="~mc op dragondog558" | Action="Nothing changed. The player already is an operator"
[2026-08-16T19:14:29.183953+00:00] SUCCESS | Guild="Froggo SMP" | Channel="#general" | User="fiaguhop137" (1342173566828810271) | Command="~mcstop" | Action="Stopping the server"
[2026-08-16T19:14:53.243732+00:00] SUCCESS | Guild="Froggo SMP" | Channel="#general" | User="fiaguhop137" (1342173566828810271) | Command="~mcstart" | Action="Minecraft server started with PID 674815"
[2026-08-16T19:15:23.078866+00:00] SUCCESS | Guild="Froggo SMP" | Channel="#general" | User="dragondog558" (789314712990384168) | Command="~mcstart" | Action="Minecraft server started with PID 675008"
[2026-08-16T20:10:39.080865+00:00] SUCCESS | Guild="Froggo SMP" | Channel="#general" | User="fiaguhop137" (1342173566828810271) | Command="~mcstop" | Action="Stopping the server"
[2026-08-16T20:11:06.788611+00:00] SUCCESS | Guild="Froggo SMP" | Channel="#general" | User="fiaguhop137" (1342173566828810271) | Command="~mcstart" | Action="Minecraft server started with PID 688673"
[2026-08-16T20:22:26.010546+00:00] SUCCESS | Guild="Froggo SMP" | Channel="#general" | User="fiaguhop137" (1342173566828810271) | Command="~mcstop" | Action="Stopping the server"
[2026-08-16T20:22:33.097854+00:00] SUCCESS | Guild="Froggo SMP" | Channel="#general" | User="fiaguhop137" (1342173566828810271) | Command="~mcstart" | Action="Minecraft server started with PID 691674"
[2026-08-16T21:15:56.056017+00:00] SUCCESS | Guild="Yap" | Channel="#emberbot137-remote-console" | User="fiaguhop137" (1342173566828810271) | Command="~mcstop" | Action="Stopping the server"
[2026-08-16T22:41:08.846248+00:00] SUCCESS | Guild="Yap" | Channel="#remote-controlled-bob" | User="dragondog558" (789314712990384168) | Command="~revoke 1342173566828810271" | Action="Revoked permissions from 1342173566828810271"
[2026-08-16T22:44:39.278055+00:00] SUCCESS | Guild="Yap" | Channel="#remote-controlled-bob" | User="dragondog558" (789314712990384168) | Command="~mcstart" | Action="Minecraft server started with PID 724769"
[2026-08-16T22:44:39.314776+00:00] SUCCESS | Guild="Yap" | Channel="#remote-controlled-bob" | User="dragondog558" (789314712990384168) | Command="~mcstart" | Action="Minecraft server started with PID 724768"
[2026-08-16T22:44:48.785234+00:00] ERROR | Guild="Yap" | Channel="#remote-controlled-bob" | User="dragondog558" (789314712990384168) | Command="~mc worldborder set 300000" | Action="[Errno 111] Connection refused"
[2026-08-16T22:44:49.053653+00:00] ERROR | Guild="Yap" | Channel="#remote-controlled-bob" | User="dragondog558" (789314712990384168) | Command="~mc worldborder set 300000" | Action="[Errno 111] Connection refused"
[2026-08-16T22:45:08.189919+00:00] SUCCESS | Guild="Yap" | Channel="#remote-controlled-bob" | User="dragondog558" (789314712990384168) | Command="~reboot" | Action="Bot restart requested"
[2026-08-16T22:45:08.377152+00:00] SUCCESS | Guild="Yap" | Channel="#remote-controlled-bob" | User="dragondog558" (789314712990384168) | Command="~reboot" | Action="Bot restart requested"
[2026-08-16T23:21:33.810407+00:00] SUCCESS | Guild="Froggo SMP" | Channel="#general" | User="dragondog558" (789314712990384168) | Command="~mcstop" | Action="Stopping the server"
[2026-08-16T23:21:34.016783+00:00] SUCCESS | Guild="Froggo SMP" | Channel="#general" | User="dragondog558" (789314712990384168) | Command="~mcstop" | Action="Stopping the server"
[2026-08-16T23:22:35.549491+00:00] SUCCESS | Guild="Froggo SMP" | Channel="#general" | User="dragondog558" (789314712990384168) | Command="~mcstart" | Action="Minecraft server started with PID 744451"
[2026-08-17T03:13:44.550135+00:00] SUCCESS | Guild="Yap" | Channel="#remote-controlled-bob" | User="dragondog558" (789314712990384168) | Command="~mcstart" | Action="Minecraft server started with PID 805914"
[2026-08-17T03:13:56.173131+00:00] ERROR | Guild="Yap" | Channel="#remote-controlled-bob" | User="dragondog558" (789314712990384168) | Command="~mcstop" | Action="[Errno 111] Connection refused"
[2026-08-17T03:14:01.944821+00:00] ERROR | Guild="Yap" | Channel="#remote-controlled-bob" | User="dragondog558" (789314712990384168) | Command="~mcstop" | Action="[Errno 111] Connection refused"
[2026-08-17T03:14:11.386784+00:00] SUCCESS | Guild="Yap" | Channel="#remote-controlled-bob" | User="dragondog558" (789314712990384168) | Command="~mcstop" | Action="Stopping the server"
[2026-08-17T16:40:15.427307+00:00] SUCCESS | Guild="Froggo SMP" | Channel="#bots" | User="dragondog558" (789314712990384168) | Command="~mcstart" | Action="Minecraft server started with PID 981322"
[2026-08-17T16:40:38.266077+00:00] ERROR | Guild="Froggo SMP" | Channel="#bots" | User="dragondog558" (789314712990384168) | Command="~mc worldborder set 100" | Action="[Errno 111] Connection refused"
[2026-08-17T16:40:48.170853+00:00] SUCCESS | Guild="Froggo SMP" | Channel="#bots" | User="dragondog558" (789314712990384168) | Command="~mc worldborder set 10000" | Action="Set the world border to 10000.0 block(s) wide"
[2026-08-17T16:59:16.706844+00:00] SUCCESS | Guild="Froggo SMP" | Channel="#bots" | User="dragondog558" (789314712990384168) | Command="~mc chunky start" | Action="[Chunky] A task was already started for this world. To continue running it, type '/chunky continue'. To start a new task, type '/chunky confirm'."
[2026-08-17T16:59:33.508115+00:00] SUCCESS | Guild="Froggo SMP" | Channel="#bots" | User="dragondog558" (789314712990384168) | Command="~mc chunky continue" | Action="[Chunky] Task continuing for minecraft:overworld."
[2026-08-17T19:32:47.813285+00:00] SUCCESS | Guild="Froggo SMP" | Channel="#bots" | User="dragondog558" (789314712990384168) | Command="~mc chunky" | Action="Chunky Commands
chunky start - Start a new chunk generation task
chunky pause - Pause current tasks and save progress
chunky continue - Continue current or saved tasks
chunky cancel - Stop and delete current or saved tasks
chunky world <world> - Set the world target
chunky worldborder - Use the world border center & radius
chunky center <x> <z> - Set the center block location
chunky spawn - Set the center to the spawn point
chunky radius <radius> - Set the radius
chunky corners <x1> <z1> <x2> <z2> - Set by corners
chunky shape <shape> - Set the shape to generate
chunky pattern <pattern> - Set the generation pattern
chunky silent - Toggle displaying update messages
chunky quiet <interval> - Set the quiet interval
chunky trim - Delete chunks outside selection
chunky selection - Display the current selection
chunky progress - Displays current task progress
chunky reload - Reload configuration"
[2026-08-17T19:33:08.549068+00:00] SUCCESS | Guild="Froggo SMP" | Channel="#bots" | User="dragondog558" (789314712990384168) | Command="~mc kill @e[type=creeper]" | Action="No entity was found"
[2026-08-17T19:47:41.671613+00:00] SUCCESS | Guild="Yap" | Channel="#everyone" | User="dragondog558" (789314712990384168) | Command="~mc chunky" | Action="Chunky Commands
chunky start - Start a new chunk generation task
chunky pause - Pause current tasks and save progress
chunky continue - Continue current or saved tasks
chunky cancel - Stop and delete current or saved tasks
chunky world <world> - Set the world target
chunky worldborder - Use the world border center & radius
chunky center <x> <z> - Set the center block location
chunky spawn - Set the center to the spawn point
chunky radius <radius> - Set the radius
chunky corners <x1> <z1> <x2> <z2> - Set by corners
chunky shape <shape> - Set the shape to generate
chunky pattern <pattern> - Set the generation pattern
chunky silent - Toggle displaying update messages
chunky quiet <interval> - Set the quiet interval
chunky trim - Delete chunks outside selection
chunky selection - Display the current selection
chunky progress - Displays current task progress
chunky reload - Reload configuration"
[2026-08-17T19:47:50.552972+00:00] SUCCESS | Guild="Yap" | Channel="#everyone" | User="dragondog558" (789314712990384168) | Command="~mcstop" | Action="Stopping the server"
[2026-08-17T19:47:52.601245+00:00] SUCCESS | Guild="Yap" | Channel="#everyone" | User="dragondog558" (789314712990384168) | Command="~mcstart" | Action="Minecraft server started with PID 1024982"
[2026-08-17T19:49:33.600514+00:00] SUCCESS | Guild="Yap" | Channel="#everyone" | User="dragondog558" (789314712990384168) | Command="~mcstop" | Action="Stopping the server"
[2026-08-17T19:49:35.038080+00:00] SUCCESS | Guild="Yap" | Channel="#everyone" | User="dragondog558" (789314712990384168) | Command="~mcstart" | Action="Minecraft server started with PID 1025822"
[2026-08-17T19:50:09.180835+00:00] SUCCESS | Guild="Yap" | Channel="#everyone" | User="dragondog558" (789314712990384168) | Command="~mcstop" | Action="Minecraft server does not appear to be running."
[2026-08-17T19:50:11.722457+00:00] SUCCESS | Guild="Yap" | Channel="#everyone" | User="dragondog558" (789314712990384168) | Command="~mcstart" | Action="Minecraft server started with PID 1026076"
[2026-08-17T19:51:19.730314+00:00] SUCCESS | Guild="Yap" | Channel="#everyone" | User="dragondog558" (789314712990384168) | Command="~mcstart" | Action="Minecraft server started with PID 1026582"
[2026-08-17T19:52:33.464831+00:00] SUCCESS | Guild="Yap" | Channel="#everyone" | User="dragondog558" (789314712990384168) | Command="~reboot" | Action="Bot restart requested"
[2026-08-17T19:52:43.910930+00:00] SUCCESS | Guild="Yap" | Channel="#everyone" | User="dragondog558" (789314712990384168) | Command="~mcstop" | Action="Stopping the server"
[2026-08-17T19:52:47.033502+00:00] SUCCESS | Guild="Yap" | Channel="#everyone" | User="dragondog558" (789314712990384168) | Command="~mcstart" | Action="Minecraft server started with PID 1027206"
[2026-08-17T20:05:47.582875+00:00] SUCCESS | Guild="Froggo SMP" | Channel="#bots" | User="dragondog558" (789314712990384168) | Command="~mc start" | Action="Unknown or incomplete command. See below for errorstart<--[HERE]"
[2026-08-17T20:07:06.151018+00:00] SUCCESS | Guild="Froggo SMP" | Channel="#bots" | User="dragondog558" (789314712990384168) | Command="~mc tp fiaguhop137 ~ 80 ~" | Action="Teleported Fiaguhop137 to 16.000000, 80.000000, 0.000000"
[2026-08-18T21:04:31.631549+00:00] SUCCESS | Guild="Yap" | Channel="#plasma-dragon" | User="fiaguhop137" (1342173566828810271) | Command="~echo meow" | Action="Discord echo"
[2026-08-18T21:04:31.642922+00:00] SUCCESS | Guild="Yap" | Channel="#plasma-dragon" | User="fiaguhop137" (1342173566828810271) | Command="~echo meow" | Action="Discord echo"
[2026-08-19T00:03:49.155337+00:00] ERROR | Guild="Froggo SMP" | Channel="#bots" | User="dragondog558" (789314712990384168) | Command="~mcstart" | Action="Minecraft directory does not exist:
/home/firebot/Downloads/minecraft_server"
[2026-08-19T00:03:57.434925+00:00] ERROR | Guild="Froggo SMP" | Channel="#bots" | User="dragondog558" (789314712990384168) | Command="~mcstart" | Action="Minecraft directory does not exist:
/home/firebot/Downloads/minecraft_server"
[2026-08-19T00:07:24.885046+00:00] SUCCESS | Guild="Froggo SMP" | Channel="#bots" | User="dragondog558" (789314712990384168) | Command="~mcstop" | Action="Stopping the server"
[2026-08-19T00:07:25.907225+00:00] SUCCESS | Guild="Froggo SMP" | Channel="#bots" | User="dragondog558" (789314712990384168) | Command="~mcstop" | Action="Stopping the server"
[2026-08-19T00:07:27.136873+00:00] ERROR | Guild="Froggo SMP" | Channel="#bots" | User="dragondog558" (789314712990384168) | Command="~mcstart" | Action="Minecraft directory does not exist:
/home/firebot/Downloads/minecraft_server"
[2026-08-19T00:07:27.157362+00:00] ERROR | Guild="Froggo SMP" | Channel="#bots" | User="dragondog558" (789314712990384168) | Command="~mcstart" | Action="Minecraft directory does not exist:
/home/firebot/Downloads/minecraft_server"
[2026-08-19T00:07:30.567247+00:00] ERROR | Guild="Froggo SMP" | Channel="#bots" | User="dragondog558" (789314712990384168) | Command="~mcstart" | Action="Minecraft directory does not exist:
/home/firebot/Downloads/minecraft_server"
[2026-08-19T00:07:30.624263+00:00] ERROR | Guild="Froggo SMP" | Channel="#bots" | User="dragondog558" (789314712990384168) | Command="~mcstart" | Action="Minecraft directory does not exist:
/home/firebot/Downloads/minecraft_server"
[2026-08-19T00:07:45.992254+00:00] ERROR | Guild="Froggo SMP" | Channel="#bots" | User="dragondog558" (789314712990384168) | Command="~mcstart" | Action="Minecraft directory does not exist:
/home/firebot/Downloads/minecraft_server"
[2026-08-19T00:07:46.293333+00:00] ERROR | Guild="Froggo SMP" | Channel="#bots" | User="dragondog558" (789314712990384168) | Command="~mcstart" | Action="Minecraft directory does not exist:
/home/firebot/Downloads/minecraft_server"
[2026-08-19T00:08:03.526793+00:00] SUCCESS | Guild="Froggo SMP" | Channel="#bots" | User="dragondog558" (789314712990384168) | Command="~reboot" | Action="Bot restart requested"
[2026-08-19T00:08:03.900987+00:00] SUCCESS | Guild="Froggo SMP" | Channel="#bots" | User="dragondog558" (789314712990384168) | Command="~reboot" | Action="Bot restart requested"
[2026-08-19T00:08:10.676760+00:00] SUCCESS | Guild="Froggo SMP" | Channel="#bots" | User="dragondog558" (789314712990384168) | Command="~mcstart" | Action="Minecraft server started with PID 1439740"
[2026-08-19T00:08:10.713513+00:00] SUCCESS | Guild="Froggo SMP" | Channel="#bots" | User="dragondog558" (789314712990384168) | Command="~mcstart" | Action="Minecraft server started with PID 1439741"
[2026-08-19T00:33:56.588822+00:00] SUCCESS | Guild="Froggo SMP" | Channel="#bots" | User="dragondog558" (789314712990384168) | Command="~mcstop" | Action="Stopping the server"
[2026-08-19T00:33:57.450631+00:00] SUCCESS | Guild="Froggo SMP" | Channel="#bots" | User="dragondog558" (789314712990384168) | Command="~mcstop" | Action="Stopping the server"
[2026-08-19T00:36:47.541422+00:00] SUCCESS | Guild="Froggo SMP" | Channel="#bots" | User="dragondog558" (789314712990384168) | Command="~reboot" | Action="Bot restart requested"
[2026-08-19T00:36:47.726353+00:00] SUCCESS | Guild="Froggo SMP" | Channel="#bots" | User="dragondog558" (789314712990384168) | Command="~reboot" | Action="Bot restart requested"
[2026-08-19T00:37:21.561417+00:00] SUCCESS | Guild="Froggo SMP" | Channel="#bots" | User="dragondog558" (789314712990384168) | Command="~mcstart" | Action="Minecraft server started with PID 1446835"
[2026-08-19T20:12:14.759903+00:00] SUCCESS | Guild="Froggo SMP" | Channel="#bots" | User="dragondog558" (789314712990384168) | Command="~reboot" | Action="Bot restart requested"
[2026-08-19T20:14:54.870985+00:00] SUCCESS | Guild="Froggo SMP" | Channel="#bots" | User="dragondog558" (789314712990384168) | Command="~mcstart" | Action="Minecraft server started with PID 1728328"
[2026-08-20T02:11:35.957558+00:00] SUCCESS | Guild="Froggo SMP" | Channel="#bots" | User="dragondog558" (789314712990384168) | Command="~mcstop" | Action="Minecraft server does not appear to be running."
[2026-08-20T02:11:37.129690+00:00] SUCCESS | Guild="Froggo SMP" | Channel="#bots" | User="dragondog558" (789314712990384168) | Command="~mcstart" | Action="Minecraft server started with PID 1817833"
[2026-08-20T02:11:43.121454+00:00] ERROR | Guild="Froggo SMP" | Channel="#bots" | User="dragondog558" (789314712990384168) | Command="~mc op dragondog558" | Action="[Errno 111] Connection refused"
[2026-08-20T02:11:49.730762+00:00] ERROR | Guild="Froggo SMP" | Channel="#bots" | User="dragondog558" (789314712990384168) | Command="~mc op dragondog558" | Action="[Errno 111] Connection refused"
[2026-08-20T02:11:51.045522+00:00] ERROR | Guild="Froggo SMP" | Channel="#bots" | User="dragondog558" (789314712990384168) | Command="~mc op dragondog558" | Action="[Errno 111] Connection refused"
[2026-08-20T02:11:52.494417+00:00] ERROR | Guild="Froggo SMP" | Channel="#bots" | User="dragondog558" (789314712990384168) | Command="~mc op dragondog558" | Action="[Errno 111] Connection refused"
[2026-08-20T02:11:53.798546+00:00] ERROR | Guild="Froggo SMP" | Channel="#bots" | User="dragondog558" (789314712990384168) | Command="~mc op dragondog558" | Action="[Errno 111] Connection refused"
[2026-08-20T02:11:55.091135+00:00] ERROR | Guild="Froggo SMP" | Channel="#bots" | User="dragondog558" (789314712990384168) | Command="~mc op dragondog558" | Action="[Errno 111] Connection refused"
[2026-08-20T02:12:00.098376+00:00] SUCCESS | Guild="Froggo SMP" | Channel="#bots" | User="dragondog558" (789314712990384168) | Command="~mc op dragondog558" | Action="Made DragonDog558 a server operator"
[2026-08-20T02:27:22.293870+00:00] SUCCESS | Guild="Froggo SMP" | Channel="#bots" | User="dragondog558" (789314712990384168) | Command="~mc deop fiaguhop137" | Action="Made Fiaguhop137 no longer a server operator"
