davey is not installed, voice will NOT be supported
[System] Starting Bobbot9000...
[Permissions] Owner: 789314712990384168
[Permissions] Admins: 0
[Permissions] Mods: 0
[2026-09-06 23:01:11] [WARNING ] discord.ext.commands.bot: Privileged message content intent is missing, commands may not work as expected.
Privileged message content intent is missing, commands may not work as expected.
[2026-09-06 23:01:11] [INFO    ] discord.client: logging in using static token
logging in using static token
[2026-09-06 23:01:12] [INFO    ] discord.gateway: Shard ID None has connected to Gateway (Session ID: 58af84577c3ba5001a33e36ef6c7fb0d).
Shard ID None has connected to Gateway (Session ID: 58af84577c3ba5001a33e36ef6c7fb0d).
Logged in as bobbot9000#8975 (ID: 1533157532510584894)
Connected to 1 Discord guild(s).
Permission owner: 789314712990384168
Minecraft server: /home/firebot/git/bobbot9000/minecraft_server
Minecraft RCON: 127.0.0.1:25575
Command prefix: ~
[2026-09-07 02:58:04] [INFO    ] discord.gateway: Shard ID None has successfully RESUMED session 58af84577c3ba5001a33e36ef6c7fb0d.
Shard ID None has successfully RESUMED session 58af84577c3ba5001a33e36ef6c7fb0d.
[2026-09-07 06:01:30] [INFO    ] discord.gateway: Shard ID None has successfully RESUMED session 58af84577c3ba5001a33e36ef6c7fb0d.
Shard ID None has successfully RESUMED session 58af84577c3ba5001a33e36ef6c7fb0d.
[2026-09-07 06:28:06] [INFO    ] discord.gateway: Shard ID None has successfully RESUMED session 58af84577c3ba5001a33e36ef6c7fb0d.
Shard ID None has successfully RESUMED session 58af84577c3ba5001a33e36ef6c7fb0d.
[2026-09-07 08:48:28] [INFO    ] discord.gateway: Shard ID None has successfully RESUMED session 58af84577c3ba5001a33e36ef6c7fb0d.
Shard ID None has successfully RESUMED session 58af84577c3ba5001a33e36ef6c7fb0d.
[2026-09-07 10:24:28] [INFO    ] discord.gateway: Shard ID None has successfully RESUMED session 58af84577c3ba5001a33e36ef6c7fb0d.
Shard ID None has successfully RESUMED session 58af84577c3ba5001a33e36ef6c7fb0d.
[2026-09-07 10:36:45] [INFO    ] discord.gateway: Shard ID None has successfully RESUMED session 58af84577c3ba5001a33e36ef6c7fb0d.
Shard ID None has successfully RESUMED session 58af84577c3ba5001a33e36ef6c7fb0d.
[2026-09-07 10:46:22] [INFO    ] discord.gateway: Shard ID None has successfully RESUMED session 58af84577c3ba5001a33e36ef6c7fb0d.
Shard ID None has successfully RESUMED session 58af84577c3ba5001a33e36ef6c7fb0d.
[2026-09-07 12:49:56] [INFO    ] discord.gateway: Shard ID None has successfully RESUMED session 58af84577c3ba5001a33e36ef6c7fb0d.
Shard ID None has successfully RESUMED session 58af84577c3ba5001a33e36ef6c7fb0d.
[2026-09-07 13:41:12] [INFO    ] discord.gateway: Shard ID None has successfully RESUMED session 58af84577c3ba5001a33e36ef6c7fb0d.
Shard ID None has successfully RESUMED session 58af84577c3ba5001a33e36ef6c7fb0d.
[2026-09-07 13:59:53] [INFO    ] discord.gateway: Shard ID None has successfully RESUMED session 58af84577c3ba5001a33e36ef6c7fb0d.
Shard ID None has successfully RESUMED session 58af84577c3ba5001a33e36ef6c7fb0d.
[2026-09-07 14:47:19] [INFO    ] discord.gateway: Shard ID None has successfully RESUMED session 58af84577c3ba5001a33e36ef6c7fb0d.
Shard ID None has successfully RESUMED session 58af84577c3ba5001a33e36ef6c7fb0d.
[2026-09-07 17:11:40] [INFO    ] discord.gateway: Shard ID None has successfully RESUMED session 58af84577c3ba5001a33e36ef6c7fb0d.
Shard ID None has successfully RESUMED session 58af84577c3ba5001a33e36ef6c7fb0d.
[2026-09-07 18:34:28] [INFO    ] discord.gateway: Shard ID None has successfully RESUMED session 58af84577c3ba5001a33e36ef6c7fb0d.
Shard ID None has successfully RESUMED session 58af84577c3ba5001a33e36ef6c7fb0d.
[2026-09-07 19:27:00] [INFO    ] discord.gateway: Shard ID None has successfully RESUMED session 58af84577c3ba5001a33e36ef6c7fb0d.
Shard ID None has successfully RESUMED session 58af84577c3ba5001a33e36ef6c7fb0d.
[2026-09-07 21:55:15] [INFO    ] discord.gateway: Shard ID None has successfully RESUMED session 58af84577c3ba5001a33e36ef6c7fb0d.
Shard ID None has successfully RESUMED session 58af84577c3ba5001a33e36ef6c7fb0d.
